Java HotSpot(TM) 64-Bit Server VM (25.261-b12) for bsd-amd64 JRE (1.8.0_261-b12), built on Jun 18 2020 06:38:55 by "java_re" with gcc 4.2.1 Compatible Apple LLVM 10.0.0 (clang-1000.11.45.5)
Memory: 4k page, physical 16777216k(837548k free)

/proc/meminfo:

CommandLine flags: -XX:InitialHeapSize=268435456 -XX:MaxHeapSize=268435456 -XX:MaxNewSize=89481216 -XX:MaxTenuringThreshold=6 -XX:NewSize=89481216 -XX:OldPLABSize=16 -XX:OldSize=178954240 -XX:+PrintGC -XX:+PrintGCDetails -XX:+PrintGCTimeStamps -XX:+UseCompressedClassPointers -XX:+UseCompressedOops -XX:+UseConcMarkSweepGC -XX:+UseParNewGC 
0.146: [GC (Allocation Failure) 0.146: [ParNew: 69369K->8703K(78656K), 0.0080102 secs] 69369K->23394K(253440K), 0.0081912 secs] [Times: user=0.02 sys=0.03, real=0.01 secs] 
0.166: [GC (Allocation Failure) 0.166: [ParNew: 78655K->8698K(78656K), 0.0107177 secs] 93346K->49037K(253440K), 0.0108646 secs] [Times: user=0.02 sys=0.03, real=0.01 secs] 
0.185: [GC (Allocation Failure) 0.185: [ParNew: 78650K->8695K(78656K), 0.0161458 secs] 118989K->73605K(253440K), 0.0162511 secs] [Times: user=0.11 sys=0.02, real=0.02 secs] 
0.210: [GC (Allocation Failure) 0.210: [ParNew: 78534K->8698K(78656K), 0.0146185 secs] 143444K->96733K(253440K), 0.0147330 secs] [Times: user=0.10 sys=0.00, real=0.02 secs] 
0.225: [GC (CMS Initial Mark) [1 CMS-initial-mark: 88034K(174784K)] 98890K(253440K), 0.0001973 secs] [Times: user=0.00 sys=0.00, real=0.00 secs] 
0.226: [CMS-concurrent-mark-start]
0.227: [CMS-concurrent-mark: 0.001/0.001 secs] [Times: user=0.00 sys=0.00, real=0.00 secs] 
0.227: [CMS-concurrent-preclean-start]
0.227: [CMS-concurrent-preclean: 0.000/0.000 secs] [Times: user=0.00 sys=0.00, real=0.00 secs] 
0.227: [CMS-concurrent-abortable-preclean-start]
0.233: [GC (Allocation Failure) 0.233: [ParNew: 78650K->8702K(78656K), 0.0165838 secs] 166685K->124007K(253440K), 0.0167577 secs] [Times: user=0.11 sys=0.01, real=0.01 secs] 
0.257: [GC (Allocation Failure) 0.257: [ParNew: 78654K->8703K(78656K), 0.0143872 secs] 193959K->147725K(253440K), 0.0145025 secs] [Times: user=0.09 sys=0.01, real=0.02 secs] 
0.281: [GC (Allocation Failure) 0.281: [ParNew: 78655K->8698K(78656K), 0.0162448 secs] 217677K->172839K(253440K), 0.0163591 secs] [Times: user=0.11 sys=0.00, real=0.01 secs] 
0.298: [CMS-concurrent-abortable-preclean: 0.002/0.071 secs] [Times: user=0.34 sys=0.02, real=0.07 secs] 
0.298: [GC (CMS Final Remark) [YG occupancy: 14365 K (78656 K)]0.298: [Rescan (parallel) , 0.0009275 secs]0.299: [weak refs processing, 0.0000128 secs]0.299: [class unloading, 0.0002564 secs]0.299: [scrub symbol table, 0.0002407 secs]0.300: [scrub string table, 0.0000973 secs][1 CMS-remark: 164140K(174784K)] 178506K(253440K), 0.0016649 secs] [Times: user=0.01 sys=0.01, real=0.00 secs] 
0.300: [CMS-concurrent-sweep-start]
0.300: [CMS-concurrent-sweep: 0.000/0.000 secs] [Times: user=0.00 sys=0.00, real=0.00 secs] 
0.300: [CMS-concurrent-reset-start]
0.301: [CMS-concurrent-reset: 0.000/0.000 secs] [Times: user=0.00 sys=0.00, real=0.01 secs] 
0.307: [GC (Allocation Failure) 0.307: [ParNew: 78583K->78583K(78656K), 0.0000177 secs]0.307: [CMS: 156628K->162802K(174784K), 0.0215010 secs] 235211K->162802K(253440K), [Metaspace: 2579K->2579K(1056768K)], 0.0216312 secs] [Times: user=0.02 sys=0.00, real=0.02 secs] 
0.329: [GC (CMS Initial Mark) [1 CMS-initial-mark: 162802K(174784K)] 163408K(253440K), 0.0002946 secs] [Times: user=0.00 sys=0.00, real=0.00 secs] 
0.330: [CMS-concurrent-mark-start]
0.330: [CMS-concurrent-mark: 0.001/0.001 secs] [Times: user=0.01 sys=0.00, real=0.00 secs] 
0.330: [CMS-concurrent-preclean-start]
0.331: [CMS-concurrent-preclean: 0.000/0.000 secs] [Times: user=0.00 sys=0.00, real=0.01 secs] 
0.331: [CMS-concurrent-abortable-preclean-start]
0.339: [GC (Allocation Failure) 0.339: [ParNew: 69799K->69799K(78656K), 0.0000174 secs]0.339: [CMS0.339: [CMS-concurrent-abortable-preclean: 0.000/0.008 secs] [Times: user=0.01 sys=0.00, real=0.00 secs] 
 (concurrent mode failure): 162802K->173965K(174784K), 0.0243022 secs] 232601K->173965K(253440K), [Metaspace: 2579K->2579K(1056768K)], 0.0244215 secs] [Times: user=0.02 sys=0.00, real=0.03 secs] 
0.371: [GC (Allocation Failure) 0.371: [ParNew: 69669K->69669K(78656K), 0.0000160 secs]0.371: [CMS: 173965K->174731K(174784K), 0.0203104 secs] 243635K->190516K(253440K), [Metaspace: 2579K->2579K(1056768K)], 0.0204500 secs] [Times: user=0.02 sys=0.00, real=0.02 secs] 
0.392: [GC (CMS Initial Mark) [1 CMS-initial-mark: 174731K(174784K)] 192784K(253440K), 0.0002820 secs] [Times: user=0.00 sys=0.00, real=0.00 secs] 
0.393: [CMS-concurrent-mark-start]
0.393: [CMS-concurrent-mark: 0.001/0.001 secs] [Times: user=0.00 sys=0.00, real=0.00 secs] 
0.393: [CMS-concurrent-preclean-start]
0.394: [CMS-concurrent-preclean: 0.001/0.001 secs] [Times: user=0.01 sys=0.00, real=0.00 secs] 
0.394: [CMS-concurrent-abortable-preclean-start]
0.394: [CMS-concurrent-abortable-preclean: 0.000/0.000 secs] [Times: user=0.00 sys=0.00, real=0.00 secs] 
0.394: [GC (CMS Final Remark) [YG occupancy: 28189 K (78656 K)]0.394: [Rescan (parallel) , 0.0002217 secs]0.394: [weak refs processing, 0.0000345 secs]0.394: [class unloading, 0.0001284 secs]0.394: [scrub symbol table, 0.0002172 secs]0.395: [scrub string table, 0.0000767 secs][1 CMS-remark: 174731K(174784K)] 202921K(253440K), 0.0007360 secs] [Times: user=0.00 sys=0.00, real=0.00 secs] 
0.395: [CMS-concurrent-sweep-start]
0.395: [CMS-concurrent-sweep: 0.000/0.000 secs] [Times: user=0.00 sys=0.00, real=0.00 secs] 
0.395: [CMS-concurrent-reset-start]
0.395: [CMS-concurrent-reset: 0.000/0.000 secs] [Times: user=0.00 sys=0.00, real=0.00 secs] 
0.402: [GC (Allocation Failure) 0.402: [ParNew: 78142K->78142K(78656K), 0.0000153 secs]0.402: [CMS: 173451K->174764K(174784K), 0.0213642 secs] 251594K->198498K(253440K), [Metaspace: 2579K->2579K(1056768K)], 0.0215696 secs] [Times: user=0.02 sys=0.00, real=0.02 secs] 
0.423: [GC (CMS Initial Mark) [1 CMS-initial-mark: 174764K(174784K)] 200473K(253440K), 0.0002101 secs] [Times: user=0.00 sys=0.00, real=0.00 secs] 
0.424: [CMS-concurrent-mark-start]
0.424: [CMS-concurrent-mark: 0.001/0.001 secs] [Times: user=0.00 sys=0.00, real=0.00 secs] 
0.424: [CMS-concurrent-preclean-start]
0.425: [CMS-concurrent-preclean: 0.001/0.001 secs] [Times: user=0.00 sys=0.00, real=0.00 secs] 
0.425: [CMS-concurrent-abortable-preclean-start]
0.425: [CMS-concurrent-abortable-preclean: 0.000/0.000 secs] [Times: user=0.00 sys=0.00, real=0.00 secs] 
0.425: [GC (CMS Final Remark) [YG occupancy: 33176 K (78656 K)]0.425: [Rescan (parallel) , 0.0002275 secs]0.425: [weak refs processing, 0.0000079 secs]0.425: [class unloading, 0.0001911 secs]0.426: [scrub symbol table, 0.0003372 secs]0.426: [scrub string table, 0.0000760 secs][1 CMS-remark: 174764K(174784K)] 207941K(253440K), 0.0009209 secs] [Times: user=0.00 sys=0.00, real=0.00 secs] 
0.426: [CMS-concurrent-sweep-start]
0.426: [CMS-concurrent-sweep: 0.000/0.000 secs] [Times: user=0.00 sys=0.00, real=0.00 secs] 
0.426: [CMS-concurrent-reset-start]
0.426: [CMS-concurrent-reset: 0.000/0.000 secs] [Times: user=0.00 sys=0.00, real=0.00 secs] 
0.432: [GC (Allocation Failure) 0.432: [ParNew: 78368K->78368K(78656K), 0.0000533 secs]0.432: [CMS: 174436K->174612K(174784K), 0.0230105 secs] 252805K->210655K(253440K), [Metaspace: 2579K->2579K(1056768K)], 0.0232342 secs] [Times: user=0.02 sys=0.00, real=0.02 secs] 
0.455: [GC (CMS Initial Mark) [1 CMS-initial-mark: 174612K(174784K)] 210967K(253440K), 0.0002610 secs] [Times: user=0.00 sys=0.00, real=0.00 secs] 
0.456: [CMS-concurrent-mark-start]
0.457: [CMS-concurrent-mark: 0.001/0.001 secs] [Times: user=0.00 sys=0.00, real=0.00 secs] 
0.457: [CMS-concurrent-preclean-start]
0.457: [CMS-concurrent-preclean: 0.001/0.001 secs] [Times: user=0.01 sys=0.00, real=0.00 secs] 
0.458: [CMS-concurrent-abortable-preclean-start]
0.458: [CMS-concurrent-abortable-preclean: 0.000/0.000 secs] [Times: user=0.00 sys=0.00, real=0.00 secs] 
0.458: [GC (CMS Final Remark) [YG occupancy: 49436 K (78656 K)]0.458: [Rescan (parallel) , 0.0003158 secs]0.458: [weak refs processing, 0.0000090 secs]0.458: [class unloading, 0.0001361 secs]0.458: [scrub symbol table, 0.0002159 secs]0.458: [scrub string table, 0.0000944 secs][1 CMS-remark: 174612K(174784K)] 224049K(253440K), 0.0008630 secs] [Times: user=0.00 sys=0.00, real=0.00 secs] 
0.459: [CMS-concurrent-sweep-start]
0.459: [CMS-concurrent-sweep: 0.000/0.000 secs] [Times: user=0.00 sys=0.00, real=0.00 secs] 
0.459: [CMS-concurrent-reset-start]
0.459: [CMS-concurrent-reset: 0.000/0.000 secs] [Times: user=0.00 sys=0.00, real=0.00 secs] 
0.463: [GC (Allocation Failure) 0.463: [ParNew: 78618K->78618K(78656K), 0.0000405 secs]0.463: [CMS: 174530K->174708K(174784K), 0.0257630 secs] 253148K->216150K(253440K), [Metaspace: 2579K->2579K(1056768K)], 0.0259596 secs] [Times: user=0.03 sys=0.01, real=0.02 secs] 
0.489: [GC (CMS Initial Mark) [1 CMS-initial-mark: 174708K(174784K)] 217554K(253440K), 0.0001692 secs] [Times: user=0.00 sys=0.00, real=0.00 secs] 
0.489: [CMS-concurrent-mark-start]
0.490: [CMS-concurrent-mark: 0.001/0.001 secs] [Times: user=0.00 sys=0.00, real=0.00 secs] 
0.490: [CMS-concurrent-preclean-start]
0.490: [CMS-concurrent-preclean: 0.001/0.001 secs] [Times: user=0.00 sys=0.00, real=0.01 secs] 
0.491: [CMS-concurrent-abortable-preclean-start]
0.491: [CMS-concurrent-abortable-preclean: 0.000/0.000 secs] [Times: user=0.00 sys=0.00, real=0.00 secs] 
0.491: [GC (CMS Final Remark) [YG occupancy: 53552 K (78656 K)]0.491: [Rescan (parallel) , 0.0003704 secs]0.491: [weak refs processing, 0.0000093 secs]0.491: [class unloading, 0.0001919 secs]0.491: [scrub symbol table, 0.0003333 secs]0.492: [scrub string table, 0.0000778 secs][1 CMS-remark: 174708K(174784K)] 228260K(253440K), 0.0011126 secs] [Times: user=0.00 sys=0.00, real=0.00 secs] 
0.492: [CMS-concurrent-sweep-start]
0.492: [CMS-concurrent-sweep: 0.000/0.000 secs] [Times: user=0.00 sys=0.00, real=0.00 secs] 
0.492: [CMS-concurrent-reset-start]
0.492: [CMS-concurrent-reset: 0.000/0.000 secs] [Times: user=0.00 sys=0.00, real=0.00 secs] 
0.495: [GC (Allocation Failure) 0.495: [ParNew: 78640K->78640K(78656K), 0.0000158 secs]0.495: [CMS: 174631K->174773K(174784K), 0.0220602 secs] 253272K->218254K(253440K), [Metaspace: 2579K->2579K(1056768K)], 0.0221671 secs] [Times: user=0.02 sys=0.00, real=0.02 secs] 
0.517: [GC (CMS Initial Mark) [1 CMS-initial-mark: 174773K(174784K)] 219300K(253440K), 0.0002149 secs] [Times: user=0.00 sys=0.00, real=0.00 secs] 
0.518: [CMS-concurrent-mark-start]
0.518: [CMS-concurrent-mark: 0.001/0.001 secs] [Times: user=0.00 sys=0.00, real=0.00 secs] 
0.518: [CMS-concurrent-preclean-start]
0.519: [CMS-concurrent-preclean: 0.001/0.001 secs] [Times: user=0.00 sys=0.00, real=0.00 secs] 
0.519: [CMS-concurrent-abortable-preclean-start]
0.519: [CMS-concurrent-abortable-preclean: 0.000/0.000 secs] [Times: user=0.00 sys=0.00, real=0.00 secs] 
0.519: [GC (CMS Final Remark) [YG occupancy: 56857 K (78656 K)]0.519: [Rescan (parallel) , 0.0001663 secs]0.519: [weak refs processing, 0.0000083 secs]0.519: [class unloading, 0.0001314 secs]0.519: [scrub symbol table, 0.0002210 secs]0.520: [scrub string table, 0.0000769 secs][1 CMS-remark: 174773K(174784K)] 231630K(253440K), 0.0006637 secs] [Times: user=0.00 sys=0.00, real=0.00 secs] 
0.520: [CMS-concurrent-sweep-start]
0.520: [CMS-concurrent-sweep: 0.000/0.000 secs] [Times: user=0.00 sys=0.00, real=0.00 secs] 
0.520: [CMS-concurrent-reset-start]
0.520: [CMS-concurrent-reset: 0.000/0.000 secs] [Times: user=0.00 sys=0.00, real=0.00 secs] 
0.522: [GC (Allocation Failure) 0.522: [ParNew: 78218K->78218K(78656K), 0.0000142 secs]0.522: [CMS: 174473K->174781K(174784K), 0.0233936 secs] 252691K->223271K(253440K), [Metaspace: 2579K->2579K(1056768K)], 0.0235365 secs] [Times: user=0.02 sys=0.00, real=0.02 secs] 
0.546: [GC (CMS Initial Mark) [1 CMS-initial-mark: 174781K(174784K)] 224003K(253440K), 0.0002040 secs] [Times: user=0.00 sys=0.00, real=0.00 secs] 
0.546: [CMS-concurrent-mark-start]
0.547: [CMS-concurrent-mark: 0.000/0.000 secs] [Times: user=0.00 sys=0.00, real=0.00 secs] 
0.547: [CMS-concurrent-preclean-start]
0.547: [CMS-concurrent-preclean: 0.001/0.001 secs] [Times: user=0.00 sys=0.00, real=0.00 secs] 
0.547: [CMS-concurrent-abortable-preclean-start]
0.547: [CMS-concurrent-abortable-preclean: 0.000/0.000 secs] [Times: user=0.00 sys=0.00, real=0.00 secs] 
0.547: [GC (CMS Final Remark) [YG occupancy: 58312 K (78656 K)]0.547: [Rescan (parallel) , 0.0006536 secs]0.548: [weak refs processing, 0.0000098 secs]0.548: [class unloading, 0.0001638 secs]0.548: [scrub symbol table, 0.0003412 secs]0.549: [scrub string table, 0.0001343 secs][1 CMS-remark: 174781K(174784K)] 233093K(253440K), 0.0013770 secs] [Times: user=0.01 sys=0.00, real=0.00 secs] 
0.549: [CMS-concurrent-sweep-start]
0.549: [CMS-concurrent-sweep: 0.000/0.000 secs] [Times: user=0.00 sys=0.00, real=0.00 secs] 
0.549: [CMS-concurrent-reset-start]
0.549: [CMS-concurrent-reset: 0.000/0.000 secs] [Times: user=0.00 sys=0.00, real=0.00 secs] 
0.552: [GC (Allocation Failure) 0.552: [ParNew: 78255K->78255K(78656K), 0.0000146 secs]0.552: [CMS: 174781K->174654K(174784K), 0.0238200 secs] 253037K->226697K(253440K), [Metaspace: 2579K->2579K(1056768K)], 0.0239180 secs] [Times: user=0.02 sys=0.00, real=0.02 secs] 
0.576: [GC (CMS Initial Mark) [1 CMS-initial-mark: 174654K(174784K)] 228506K(253440K), 0.0002464 secs] [Times: user=0.00 sys=0.00, real=0.00 secs] 
0.576: [CMS-concurrent-mark-start]
0.577: [CMS-concurrent-mark: 0.001/0.001 secs] [Times: user=0.00 sys=0.00, real=0.00 secs] 
0.577: [CMS-concurrent-preclean-start]
0.577: [CMS-concurrent-preclean: 0.001/0.001 secs] [Times: user=0.00 sys=0.00, real=0.00 secs] 
0.577: [CMS-concurrent-abortable-preclean-start]
0.577: [CMS-concurrent-abortable-preclean: 0.000/0.000 secs] [Times: user=0.00 sys=0.00, real=0.00 secs] 
0.577: [GC (CMS Final Remark) [YG occupancy: 70949 K (78656 K)]0.578: [Rescan (parallel) , 0.0004002 secs]0.578: [weak refs processing, 0.0000400 secs]0.578: [class unloading, 0.0001865 secs]0.578: [scrub symbol table, 0.0002165 secs]0.578: [scrub string table, 0.0000756 secs][1 CMS-remark: 174654K(174784K)] 245604K(253440K), 0.0009811 secs] [Times: user=0.00 sys=0.00, real=0.00 secs] 
0.579: [CMS-concurrent-sweep-start]
0.579: [CMS-concurrent-sweep: 0.000/0.000 secs] [Times: user=0.00 sys=0.00, real=0.00 secs] 
0.579: [CMS-concurrent-reset-start]
0.579: [CMS-concurrent-reset: 0.000/0.000 secs] [Times: user=0.00 sys=0.00, real=0.00 secs] 
0.579: [GC (Allocation Failure) 0.579: [ParNew: 78599K->78599K(78656K), 0.0000128 secs]0.579: [CMS: 173192K->174750K(174784K), 0.0251619 secs] 251791K->231098K(253440K), [Metaspace: 2579K->2579K(1056768K)], 0.0252737 secs] [Times: user=0.02 sys=0.00, real=0.03 secs] 
0.605: [GC (CMS Initial Mark) [1 CMS-initial-mark: 174750K(174784K)] 232322K(253440K), 0.0002636 secs] [Times: user=0.00 sys=0.00, real=0.00 secs] 
0.605: [CMS-concurrent-mark-start]
0.606: [CMS-concurrent-mark: 0.001/0.001 secs] [Times: user=0.01 sys=0.00, real=0.00 secs] 
0.606: [CMS-concurrent-preclean-start]
0.606: [CMS-concurrent-preclean: 0.001/0.001 secs] [Times: user=0.00 sys=0.00, real=0.00 secs] 
0.606: [CMS-concurrent-abortable-preclean-start]
0.606: [CMS-concurrent-abortable-preclean: 0.000/0.000 secs] [Times: user=0.00 sys=0.00, real=0.00 secs] 
0.607: [GC (CMS Final Remark) [YG occupancy: 72593 K (78656 K)]0.607: [Rescan (parallel) , 0.0003037 secs]0.607: [weak refs processing, 0.0000089 secs]0.607: [class unloading, 0.0001576 secs]0.607: [scrub symbol table, 0.0002189 secs]0.607: [scrub string table, 0.0001110 secs][1 CMS-remark: 174750K(174784K)] 247344K(253440K), 0.0008677 secs] [Times: user=0.00 sys=0.00, real=0.00 secs] 
0.608: [CMS-concurrent-sweep-start]
0.608: [CMS-concurrent-sweep: 0.000/0.000 secs] [Times: user=0.00 sys=0.00, real=0.00 secs] 
0.608: [CMS-concurrent-reset-start]
0.608: [CMS-concurrent-reset: 0.000/0.000 secs] [Times: user=0.00 sys=0.00, real=0.00 secs] 
0.608: [GC (Allocation Failure) 0.608: [ParNew: 78633K->78633K(78656K), 0.0000132 secs]0.608: [CMS: 173752K->174381K(174784K), 0.0224399 secs] 252386K->233472K(253440K), [Metaspace: 2579K->2579K(1056768K)], 0.0225347 secs] [Times: user=0.02 sys=0.00, real=0.03 secs] 
0.631: [GC (CMS Initial Mark) [1 CMS-initial-mark: 174381K(174784K)] 234187K(253440K), 0.0001714 secs] [Times: user=0.00 sys=0.00, real=0.00 secs] 
0.631: [CMS-concurrent-mark-start]
0.632: [CMS-concurrent-mark: 0.001/0.001 secs] [Times: user=0.00 sys=0.00, real=0.00 secs] 
0.632: [CMS-concurrent-preclean-start]
0.633: [CMS-concurrent-preclean: 0.001/0.001 secs] [Times: user=0.00 sys=0.00, real=0.00 secs] 
0.633: [CMS-concurrent-abortable-preclean-start]
0.633: [CMS-concurrent-abortable-preclean: 0.000/0.000 secs] [Times: user=0.00 sys=0.00, real=0.00 secs] 
0.633: [GC (CMS Final Remark) [YG occupancy: 70204 K (78656 K)]0.633: [Rescan (parallel) , 0.0002848 secs]0.633: [weak refs processing, 0.0000103 secs]0.633: [class unloading, 0.0002247 secs]0.633: [scrub symbol table, 0.0002203 secs]0.633: [scrub string table, 0.0000767 secs][1 CMS-remark: 174381K(174784K)] 244585K(253440K), 0.0009051 secs] [Times: user=0.00 sys=0.00, real=0.00 secs] 
0.634: [CMS-concurrent-sweep-start]
0.634: [CMS-concurrent-sweep: 0.000/0.000 secs] [Times: user=0.00 sys=0.00, real=0.00 secs] 
0.634: [CMS-concurrent-reset-start]
0.634: [CMS-concurrent-reset: 0.000/0.000 secs] [Times: user=0.00 sys=0.00, real=0.00 secs] 
0.634: [GC (Allocation Failure) 0.634: [ParNew: 78626K->78626K(78656K), 0.0000129 secs]0.634: [CMS: 174381K->174518K(174784K), 0.0246861 secs] 253007K->234076K(253440K), [Metaspace: 2579K->2579K(1056768K)], 0.0247736 secs] [Times: user=0.02 sys=0.00, real=0.02 secs] 
0.659: [GC (CMS Initial Mark) [1 CMS-initial-mark: 174518K(174784K)] 234823K(253440K), 0.0002338 secs] [Times: user=0.00 sys=0.00, real=0.00 secs] 
0.660: [CMS-concurrent-mark-start]
0.660: [CMS-concurrent-mark: 0.001/0.001 secs] [Times: user=0.00 sys=0.00, real=0.00 secs] 
0.660: [CMS-concurrent-preclean-start]
0.661: [CMS-concurrent-preclean: 0.001/0.001 secs] [Times: user=0.01 sys=0.00, real=0.01 secs] 
0.661: [CMS-concurrent-abortable-preclean-start]
0.661: [CMS-concurrent-abortable-preclean: 0.000/0.000 secs] [Times: user=0.00 sys=0.00, real=0.00 secs] 
0.661: [GC (CMS Final Remark) [YG occupancy: 71385 K (78656 K)]0.661: [Rescan (parallel) , 0.0002564 secs]0.661: [weak refs processing, 0.0000096 secs]0.661: [class unloading, 0.0003211 secs]0.662: [scrub symbol table, 0.0003980 secs]0.662: [scrub string table, 0.0000754 secs][1 CMS-remark: 174518K(174784K)] 245903K(253440K), 0.0011690 secs] [Times: user=0.00 sys=0.00, real=0.00 secs] 
0.662: [CMS-concurrent-sweep-start]
0.663: [CMS-concurrent-sweep: 0.000/0.000 secs] [Times: user=0.00 sys=0.00, real=0.00 secs] 
0.663: [CMS-concurrent-reset-start]
0.663: [CMS-concurrent-reset: 0.000/0.000 secs] [Times: user=0.00 sys=0.00, real=0.00 secs] 
0.663: [GC (Allocation Failure) 0.663: [ParNew: 78632K->78632K(78656K), 0.0000405 secs]0.663: [CMS: 174518K->174578K(174784K), 0.0254412 secs] 253150K->236260K(253440K), [Metaspace: 2579K->2579K(1056768K)], 0.0256520 secs] [Times: user=0.02 sys=0.00, real=0.02 secs] 
0.689: [GC (CMS Initial Mark) [1 CMS-initial-mark: 174578K(174784K)] 236332K(253440K), 0.0002294 secs] [Times: user=0.00 sys=0.00, real=0.00 secs] 
0.690: [CMS-concurrent-mark-start]
0.690: [CMS-concurrent-mark: 0.001/0.001 secs] [Times: user=0.01 sys=0.00, real=0.00 secs] 
0.690: [CMS-concurrent-preclean-start]
0.691: [CMS-concurrent-preclean: 0.000/0.000 secs] [Times: user=0.00 sys=0.00, real=0.01 secs] 
0.691: [CMS-concurrent-abortable-preclean-start]
0.691: [CMS-concurrent-abortable-preclean: 0.000/0.000 secs] [Times: user=0.00 sys=0.00, real=0.00 secs] 
0.691: [GC (CMS Final Remark) [YG occupancy: 72272 K (78656 K)]0.691: [Rescan (parallel) , 0.0002601 secs]0.691: [weak refs processing, 0.0000093 secs]0.691: [class unloading, 0.0002100 secs]0.692: [scrub symbol table, 0.0002771 secs]0.692: [scrub string table, 0.0000756 secs][1 CMS-remark: 174578K(174784K)] 246851K(253440K), 0.0009429 secs] [Times: user=0.00 sys=0.00, real=0.00 secs] 
0.692: [CMS-concurrent-sweep-start]
0.692: [CMS-concurrent-sweep: 0.000/0.000 secs] [Times: user=0.00 sys=0.00, real=0.00 secs] 
0.692: [CMS-concurrent-reset-start]
0.692: [CMS-concurrent-reset: 0.000/0.000 secs] [Times: user=0.00 sys=0.00, real=0.00 secs] 
0.693: [GC (Allocation Failure) 0.693: [ParNew: 78646K->78646K(78656K), 0.0000442 secs]0.693: [CMS: 173809K->174775K(174784K), 0.0262507 secs] 252455K->235695K(253440K), [Metaspace: 2579K->2579K(1056768K)], 0.0263850 secs] [Times: user=0.03 sys=0.00, real=0.02 secs] 
0.719: [GC (CMS Initial Mark) [1 CMS-initial-mark: 174775K(174784K)] 237018K(253440K), 0.0001835 secs] [Times: user=0.00 sys=0.00, real=0.00 secs] 
0.720: [CMS-concurrent-mark-start]
0.720: [CMS-concurrent-mark: 0.001/0.001 secs] [Times: user=0.00 sys=0.00, real=0.00 secs] 
0.720: [CMS-concurrent-preclean-start]
0.721: [CMS-concurrent-preclean: 0.001/0.001 secs] [Times: user=0.00 sys=0.00, real=0.01 secs] 
0.721: [CMS-concurrent-abortable-preclean-start]
0.721: [CMS-concurrent-abortable-preclean: 0.000/0.000 secs] [Times: user=0.00 sys=0.00, real=0.00 secs] 
0.721: [GC (CMS Final Remark) [YG occupancy: 74283 K (78656 K)]0.721: [Rescan (parallel) , 0.0002636 secs]0.722: [weak refs processing, 0.0000119 secs]0.722: [class unloading, 0.0002193 secs]0.722: [scrub symbol table, 0.0002165 secs]0.722: [scrub string table, 0.0000808 secs][1 CMS-remark: 174775K(174784K)] 249059K(253440K), 0.0009496 secs] [Times: user=0.00 sys=0.01, real=0.00 secs] 
0.722: [CMS-concurrent-sweep-start]
0.723: [CMS-concurrent-sweep: 0.000/0.000 secs] [Times: user=0.00 sys=0.00, real=0.00 secs] 
0.723: [CMS-concurrent-reset-start]
0.723: [GC (Allocation Failure) 0.723: [ParNew: 78231K->78231K(78656K), 0.0000129 secs]0.723: [CMS0.723: [CMS-concurrent-reset: 0.000/0.000 secs] [Times: user=0.00 sys=0.00, real=0.00 secs] 
: 174775K->174759K(174784K), 0.0240800 secs] 253007K->238271K(253440K), [Metaspace: 2579K->2579K(1056768K)], 0.0242003 secs] [Times: user=0.03 sys=0.00, real=0.02 secs] 
0.749: [Full GC (Allocation Failure) 0.749: [CMS: 174759K->174470K(174784K), 0.0343141 secs] 253388K->240253K(253440K), [Metaspace: 2579K->2579K(1056768K)], 0.0344431 secs] [Times: user=0.03 sys=0.00, real=0.04 secs] 
0.783: [GC (CMS Initial Mark) [1 CMS-initial-mark: 174470K(174784K)] 240751K(253440K), 0.0003068 secs] [Times: user=0.00 sys=0.00, real=0.00 secs] 
0.784: [CMS-concurrent-mark-start]
0.784: [CMS-concurrent-mark: 0.001/0.001 secs] [Times: user=0.00 sys=0.00, real=0.00 secs] 
0.784: [CMS-concurrent-preclean-start]
0.785: [CMS-concurrent-preclean: 0.001/0.001 secs] [Times: user=0.00 sys=0.00, real=0.00 secs] 
0.785: [CMS-concurrent-abortable-preclean-start]
0.785: [CMS-concurrent-abortable-preclean: 0.000/0.000 secs] [Times: user=0.00 sys=0.00, real=0.00 secs] 
0.785: [GC (CMS Final Remark) [YG occupancy: 78550 K (78656 K)]0.785: [Rescan (parallel) , 0.0002310 secs]0.785: [weak refs processing, 0.0000082 secs]0.785: [class unloading, 0.0002314 secs]0.786: [scrub symbol table, 0.0002165 secs]0.786: [scrub string table, 0.0000838 secs][1 CMS-remark: 174470K(174784K)] 253021K(253440K), 0.0008299 secs] [Times: user=0.01 sys=0.00, real=0.00 secs] 
0.786: [CMS-concurrent-sweep-start]
0.786: [Full GC (Allocation Failure) 0.786: [CMS0.786: [CMS-concurrent-sweep: 0.000/0.000 secs] [Times: user=0.00 sys=0.00, real=0.00 secs] 
 (concurrent mode failure): 174542K->174099K(174784K), 0.0279512 secs] 253165K->242841K(253440K), [Metaspace: 2579K->2579K(1056768K)], 0.0280331 secs] [Times: user=0.02 sys=0.00, real=0.03 secs] 
0.816: [Full GC (Allocation Failure) 0.816: [CMS: 174698K->174673K(174784K), 0.0373851 secs] 253347K->244649K(253440K), [Metaspace: 2579K->2579K(1056768K)], 0.0374722 secs] [Times: user=0.04 sys=0.00, real=0.04 secs] 
0.853: [GC (CMS Initial Mark) [1 CMS-initial-mark: 174673K(174784K)] 244918K(253440K), 0.0003332 secs] [Times: user=0.00 sys=0.00, real=0.00 secs] 
0.854: [CMS-concurrent-mark-start]
0.854: [CMS-concurrent-mark: 0.001/0.001 secs] [Times: user=0.00 sys=0.00, real=0.00 secs] 
0.854: [CMS-concurrent-preclean-start]
0.855: [Full GC (Allocation Failure) 0.855: [CMS0.855: [CMS-concurrent-preclean: 0.001/0.001 secs] [Times: user=0.00 sys=0.00, real=0.00 secs] 
 (concurrent mode failure): 174673K->174748K(174784K), 0.0221365 secs] 253261K->244588K(253440K), [Metaspace: 2579K->2579K(1056768K)], 0.0222277 secs] [Times: user=0.03 sys=0.00, real=0.02 secs] 
0.879: [Full GC (Allocation Failure) 0.879: [CMS: 174748K->174743K(174784K), 0.0257458 secs] 253264K->243462K(253440K), [Metaspace: 2579K->2579K(1056768K)], 0.0258583 secs] [Times: user=0.02 sys=0.00, real=0.03 secs] 
0.905: [GC (CMS Initial Mark) [1 CMS-initial-mark: 174743K(174784K)] 243743K(253440K), 0.0001852 secs] [Times: user=0.00 sys=0.00, real=0.00 secs] 
0.905: [CMS-concurrent-mark-start]
0.906: [CMS-concurrent-mark: 0.001/0.001 secs] [Times: user=0.00 sys=0.00, real=0.00 secs] 
0.906: [CMS-concurrent-preclean-start]
0.906: [Full GC (Allocation Failure) 0.906: [CMS0.906: [CMS-concurrent-preclean: 0.001/0.001 secs] [Times: user=0.01 sys=0.00, real=0.00 secs] 
 (concurrent mode failure): 174743K->174723K(174784K), 0.0306485 secs] 253277K->244748K(253440K), [Metaspace: 2579K->2579K(1056768K)], 0.0307223 secs] [Times: user=0.03 sys=0.00, real=0.03 secs] 
0.937: [Full GC (Allocation Failure) 0.937: [CMS: 174723K->174670K(174784K), 0.0249972 secs] 253235K->246179K(253440K), [Metaspace: 2579K->2579K(1056768K)], 0.0251059 secs] [Times: user=0.02 sys=0.00, real=0.03 secs] 
0.963: [GC (CMS Initial Mark) [1 CMS-initial-mark: 174670K(174784K)] 246467K(253440K), 0.0002565 secs] [Times: user=0.00 sys=0.00, real=0.00 secs] 
0.963: [CMS-concurrent-mark-start]
0.964: [CMS-concurrent-mark: 0.001/0.001 secs] [Times: user=0.00 sys=0.00, real=0.00 secs] 
0.964: [CMS-concurrent-preclean-start]
0.964: [Full GC (Allocation Failure) 0.964: [CMS0.965: [CMS-concurrent-preclean: 0.001/0.001 secs] [Times: user=0.00 sys=0.00, real=0.00 secs] 
 (concurrent mode failure): 174670K->174221K(174784K), 0.0245375 secs] 253205K->246247K(253440K), [Metaspace: 2579K->2579K(1056768K)], 0.0246387 secs] [Times: user=0.03 sys=0.00, real=0.02 secs] 
0.990: [Full GC (Allocation Failure) 0.990: [CMS: 174732K->174772K(174784K), 0.0261185 secs] 253388K->247785K(253440K), [Metaspace: 2579K->2579K(1056768K)], 0.0262260 secs] [Times: user=0.02 sys=0.00, real=0.03 secs] 
1.016: [GC (CMS Initial Mark) [1 CMS-initial-mark: 174772K(174784K)] 247930K(253440K), 0.0002858 secs] [Times: user=0.00 sys=0.00, real=0.00 secs] 
1.017: [CMS-concurrent-mark-start]
1.018: [CMS-concurrent-mark: 0.001/0.001 secs] [Times: user=0.01 sys=0.00, real=0.00 secs] 
1.018: [CMS-concurrent-preclean-start]
1.019: [Full GC (Allocation Failure) 1.019: [CMS1.020: [CMS-concurrent-preclean: 0.001/0.001 secs] [Times: user=0.00 sys=0.00, real=0.00 secs] 
 (concurrent mode failure): 174772K->174724K(174784K), 0.0269209 secs] 253242K->249199K(253440K), [Metaspace: 2579K->2579K(1056768K)], 0.0270434 secs] [Times: user=0.03 sys=0.00, real=0.03 secs] 
1.047: [Full GC (Allocation Failure) 1.047: [CMS: 174724K->174307K(174784K), 0.0298632 secs] 253339K->249324K(253440K), [Metaspace: 2579K->2579K(1056768K)], 0.0299736 secs] [Times: user=0.03 sys=0.00, real=0.03 secs] 
1.077: [GC (CMS Initial Mark) [1 CMS-initial-mark: 174307K(174784K)] 249907K(253440K), 0.0003433 secs] [Times: user=0.00 sys=0.00, real=0.00 secs] 
1.077: [CMS-concurrent-mark-start]
1.078: [Full GC (Allocation Failure) 1.078: [CMS1.079: [CMS-concurrent-mark: 0.001/0.002 secs] [Times: user=0.00 sys=0.00, real=0.00 secs] 
 (concurrent mode failure): 174307K->174780K(174784K), 0.0194354 secs] 252917K->249487K(253440K), [Metaspace: 2579K->2579K(1056768K)], 0.0195097 secs] [Times: user=0.02 sys=0.00, real=0.02 secs] 
Heap
 par new generation   total 78656K, used 75376K [0x00000007b0000000, 0x00000007b5550000, 0x00000007b5550000)
  eden space 69952K, 100% used [0x00000007b0000000, 0x00000007b4450000, 0x00000007b4450000)
  from space 8704K,  62% used [0x00000007b4cd0000, 0x00000007b521c178, 0x00000007b5550000)
  to   space 8704K,   0% used [0x00000007b4450000, 0x00000007b4450000, 0x00000007b4cd0000)
 concurrent mark-sweep generation total 174784K, used 174780K [0x00000007b5550000, 0x00000007c0000000, 0x00000007c0000000)
 Metaspace       used 2586K, capacity 4486K, committed 4864K, reserved 1056768K
  class space    used 278K, capacity 386K, committed 512K, reserved 1048576K
