Java HotSpot(TM) 64-Bit Server VM (25.261-b12) for bsd-amd64 JRE (1.8.0_261-b12), built on Jun 18 2020 06:38:55 by "java_re" with gcc 4.2.1 Compatible Apple LLVM 10.0.0 (clang-1000.11.45.5)
Memory: 4k page, physical 16777216k(523532k free)

/proc/meminfo:

CommandLine flags: -XX:InitialHeapSize=268435456 -XX:MaxHeapSize=268435456 -XX:+PrintGC -XX:+PrintGCTimeStamps -XX:+UseCompressedClassPointers -XX:+UseCompressedOops -XX:+UseG1GC 
0.117: [GC pause (G1 Evacuation Pause) (young) 25M->11M(256M), 0.0040668 secs]
0.130: [GC pause (G1 Evacuation Pause) (young) 39M->22M(256M), 0.0042263 secs]
0.167: [GC pause (G1 Evacuation Pause) (young) 94M->45M(256M), 0.0071911 secs]
0.184: [GC pause (G1 Evacuation Pause) (young) 109M->68M(256M), 0.0076302 secs]
0.213: [GC pause (G1 Evacuation Pause) (young) 154M->95M(256M), 0.0094022 secs]
0.232: [GC pause (G1 Humongous Allocation) (young) (initial-mark) 157M->116M(256M), 0.0062341 secs]
0.238: [GC concurrent-root-region-scan-start]
0.238: [GC concurrent-root-region-scan-end, 0.0000921 secs]
0.238: [GC concurrent-mark-start]
0.239: [GC concurrent-mark-end, 0.0010074 secs]
0.239: [GC remark, 0.0008435 secs]
0.240: [GC cleanup 127M->126M(256M), 0.0004690 secs]
0.241: [GC concurrent-cleanup-start]
0.241: [GC concurrent-cleanup-end, 0.0000063 secs]
0.257: [GC pause (G1 Evacuation Pause) (young)-- 205M->173M(256M), 0.0061991 secs]
0.264: [GC pause (G1 Evacuation Pause) (mixed) 179M->174M(256M), 0.0021358 secs]
0.266: [GC pause (G1 Humongous Allocation) (young) (initial-mark) 175M->174M(256M), 0.0018367 secs]
0.268: [GC concurrent-root-region-scan-start]
0.268: [GC concurrent-root-region-scan-end, 0.0000553 secs]
0.268: [GC concurrent-mark-start]
0.269: [GC concurrent-mark-end, 0.0006232 secs]
0.269: [GC remark, 0.0015586 secs]
0.271: [GC cleanup 184M->184M(256M), 0.0003430 secs]
0.274: [GC pause (G1 Evacuation Pause) (young) 207M->188M(256M), 0.0017616 secs]
0.277: [GC pause (G1 Evacuation Pause) (mixed) 197M->166M(256M), 0.0016346 secs]
0.280: [GC pause (G1 Evacuation Pause) (mixed) 178M->155M(256M), 0.0014477 secs]
0.283: [GC pause (G1 Evacuation Pause) (mixed) 167M->159M(256M), 0.0016241 secs]
0.285: [GC pause (G1 Humongous Allocation) (young) (initial-mark) 163M->160M(256M), 0.0010764 secs]
0.286: [GC concurrent-root-region-scan-start]
0.287: [GC concurrent-root-region-scan-end, 0.0000559 secs]
0.287: [GC concurrent-mark-start]
0.287: [GC concurrent-mark-end, 0.0006204 secs]
0.287: [GC remark, 0.0007947 secs]
0.288: [GC cleanup 166M->166M(256M), 0.0003011 secs]
0.292: [GC pause (G1 Evacuation Pause) (young) 202M->169M(256M), 0.0012846 secs]
0.294: [GC pause (G1 Evacuation Pause) (mixed) 180M->164M(256M), 0.0019467 secs]
0.297: [GC pause (G1 Humongous Allocation) (young) (initial-mark) 168M->165M(256M), 0.0006672 secs]
0.297: [GC concurrent-root-region-scan-start]
0.297: [GC concurrent-root-region-scan-end, 0.0000521 secs]
0.297: [GC concurrent-mark-start]
0.298: [GC concurrent-mark-end, 0.0005638 secs]
0.298: [GC remark, 0.0008377 secs]
0.299: [GC cleanup 171M->171M(256M), 0.0002873 secs]
0.303: [GC pause (G1 Evacuation Pause) (young) 204M->180M(256M), 0.0014206 secs]
0.306: [GC pause (G1 Evacuation Pause) (mixed) 190M->179M(256M), 0.0014421 secs]
0.307: [GC pause (G1 Humongous Allocation) (young) (initial-mark) 180M->180M(256M), 0.0005527 secs]
0.308: [GC concurrent-root-region-scan-start]
0.308: [GC concurrent-root-region-scan-end, 0.0000034 secs]
0.308: [GC concurrent-mark-start]
0.308: [GC concurrent-mark-end, 0.0006041 secs]
0.309: [GC remark, 0.0007618 secs]
0.309: [GC cleanup 188M->188M(256M), 0.0003843 secs]
0.312: [GC pause (G1 Evacuation Pause) (young) 204M->185M(256M), 0.0017403 secs]
0.315: [GC pause (G1 Evacuation Pause) (mixed) 194M->179M(256M), 0.0014057 secs]
0.316: [GC pause (G1 Humongous Allocation) (young) (initial-mark) 180M->179M(256M), 0.0013928 secs]
0.318: [GC concurrent-root-region-scan-start]
0.318: [GC concurrent-root-region-scan-end, 0.0000036 secs]
0.318: [GC concurrent-mark-start]
0.319: [GC concurrent-mark-end, 0.0007630 secs]
0.319: [GC remark, 0.0009426 secs]
0.320: [GC cleanup 187M->187M(256M), 0.0003481 secs]
0.322: [GC pause (G1 Evacuation Pause) (young) 203M->185M(256M), 0.0014083 secs]
0.325: [GC pause (G1 Evacuation Pause) (mixed) 196M->187M(256M), 0.0012329 secs]
0.326: [GC pause (G1 Humongous Allocation) (young) (initial-mark) 187M->187M(256M), 0.0005905 secs]
0.327: [GC concurrent-root-region-scan-start]
0.327: [GC concurrent-root-region-scan-end, 0.0000031 secs]
0.327: [GC concurrent-mark-start]
0.328: [GC concurrent-mark-end, 0.0006941 secs]
0.328: [GC remark, 0.0008208 secs]
0.328: [GC cleanup 196M->196M(256M), 0.0003355 secs]
0.329: [GC pause (G1 Evacuation Pause) (young) 202M->192M(256M), 0.0009527 secs]
0.332: [GC pause (G1 Evacuation Pause) (mixed) 203M->193M(256M), 0.0012425 secs]
0.333: [GC pause (G1 Humongous Allocation) (young) (initial-mark) 193M->193M(256M), 0.0007972 secs]
0.334: [GC concurrent-root-region-scan-start]
0.334: [GC concurrent-root-region-scan-end, 0.0000542 secs]
0.334: [GC concurrent-mark-start]
0.334: [GC concurrent-mark-end, 0.0006718 secs]
0.335: [GC remark, 0.0009993 secs]
0.336: [GC cleanup 199M->199M(256M), 0.0003973 secs]
0.337: [GC pause (G1 Evacuation Pause) (young) 208M->198M(256M), 0.0009217 secs]
0.339: [GC pause (G1 Evacuation Pause) (mixed) 210M->196M(256M), 0.0018145 secs]
0.341: [GC pause (G1 Humongous Allocation) (young) (initial-mark) 197M->196M(256M), 0.0007151 secs]
0.342: [GC concurrent-root-region-scan-start]
0.342: [GC concurrent-root-region-scan-end, 0.0000032 secs]
0.342: [GC concurrent-mark-start]
0.343: [GC concurrent-mark-end, 0.0005581 secs]
0.343: [GC remark, 0.0008181 secs]
0.344: [GC cleanup 202M->202M(256M), 0.0003303 secs]
0.345: [GC pause (G1 Evacuation Pause) (young) 211M->200M(256M), 0.0014090 secs]
0.348: [GC pause (G1 Evacuation Pause) (mixed)-- 213M->206M(256M), 0.0015717 secs]
0.350: [GC pause (G1 Humongous Allocation) (young) (initial-mark) 208M->207M(256M), 0.0011418 secs]
0.351: [GC concurrent-root-region-scan-start]
0.351: [GC concurrent-root-region-scan-end, 0.0000303 secs]
0.351: [GC concurrent-mark-start]
0.352: [GC concurrent-mark-end, 0.0007833 secs]
0.352: [GC remark, 0.0009789 secs]
0.353: [GC cleanup 213M->213M(256M), 0.0003457 secs]
0.354: [GC pause (G1 Evacuation Pause) (young) 220M->210M(256M), 0.0008354 secs]
0.356: [GC pause (G1 Evacuation Pause) (mixed)-- 224M->222M(256M), 0.0010378 secs]
0.357: [GC pause (G1 Humongous Allocation) (young) (initial-mark) 224M->223M(256M), 0.0006133 secs]
0.358: [GC concurrent-root-region-scan-start]
0.358: [GC concurrent-root-region-scan-end, 0.0000213 secs]
0.358: [GC concurrent-mark-start]
0.358: [GC pause (G1 Evacuation Pause) (young)-- 224M->224M(256M), 0.0006395 secs]
0.359: [Full GC (Allocation Failure)  224M->183M(256M), 0.0161886 secs]
0.375: [GC concurrent-mark-abort]
0.376: [GC pause (G1 Evacuation Pause) (young) 195M->185M(256M), 0.0007217 secs]
0.377: [GC pause (G1 Humongous Allocation) (young) (initial-mark) 187M->186M(256M), 0.0007861 secs]
0.378: [GC concurrent-root-region-scan-start]
0.378: [GC concurrent-root-region-scan-end, 0.0000035 secs]
0.378: [GC concurrent-mark-start]
0.379: [GC concurrent-mark-end, 0.0005896 secs]
0.379: [GC remark, 0.0010393 secs]
0.380: [GC cleanup 191M->191M(256M), 0.0003036 secs]
0.381: [GC pause (G1 Evacuation Pause) (young) 200M->190M(256M), 0.0008665 secs]
0.383: [GC pause (G1 Humongous Allocation) (young) (initial-mark) 195M->191M(256M), 0.0006748 secs]
0.383: [GC concurrent-root-region-scan-start]
0.384: [GC concurrent-root-region-scan-end, 0.0000558 secs]
0.384: [GC concurrent-mark-start]
0.384: [GC concurrent-mark-end, 0.0007541 secs]
0.384: [GC remark, 0.0010181 secs]
0.386: [GC cleanup 200M->200M(256M), 0.0003464 secs]
0.386: [GC pause (G1 Evacuation Pause) (young)-- 204M->203M(256M), 0.0011053 secs]
0.388: [GC pause (G1 Evacuation Pause) (mixed)-- 206M->205M(256M), 0.0009200 secs]
0.389: [GC pause (G1 Evacuation Pause) (young)-- 206M->206M(256M), 0.0005600 secs]
0.390: [Full GC (Allocation Failure)  206M->193M(256M), 0.0159479 secs]
0.406: [GC pause (G1 Humongous Allocation) (young) (initial-mark) 194M->193M(256M), 0.0006587 secs]
0.407: [GC concurrent-root-region-scan-start]
0.407: [GC concurrent-root-region-scan-end, 0.0000476 secs]
0.407: [GC concurrent-mark-start]
0.407: [GC concurrent-mark-end, 0.0005258 secs]
0.407: [GC remark, 0.0009284 secs]
0.408: [GC cleanup 199M->199M(256M), 0.0003645 secs]
0.409: [GC pause (G1 Evacuation Pause) (young)-- 204M->199M(256M), 0.0008029 secs]
0.411: [GC pause (G1 Evacuation Pause) (mixed)-- 205M->203M(256M), 0.0007203 secs]
0.412: [GC pause (G1 Humongous Allocation) (young) (initial-mark)-- 206M->205M(256M), 0.0006995 secs]
0.413: [GC concurrent-root-region-scan-start]
0.413: [GC concurrent-root-region-scan-end, 0.0000031 secs]
0.413: [GC concurrent-mark-start]
0.413: [GC pause (G1 Evacuation Pause) (young) 206M->206M(256M), 0.0005341 secs]
0.414: [GC pause (G1 Evacuation Pause) (young) 206M->206M(256M), 0.0004962 secs]
0.414: [Full GC (Allocation Failure)  206M->194M(256M), 0.0131843 secs]
0.427: [GC concurrent-mark-abort]
0.427: [GC pause (G1 Humongous Allocation) (young) (initial-mark) 196M->195M(256M), 0.0013533 secs]
0.429: [GC concurrent-root-region-scan-start]
0.429: [GC concurrent-root-region-scan-end, 0.0000637 secs]
0.429: [GC concurrent-mark-start]
0.430: [GC concurrent-mark-end, 0.0005452 secs]
0.430: [GC remark, 0.0017772 secs]
0.432: [GC cleanup 202M->202M(256M), 0.0004093 secs]
0.433: [GC pause (G1 Evacuation Pause) (young)-- 204M->202M(256M), 0.0010252 secs]
0.454: [GC pause (G1 Humongous Allocation) (young) (initial-mark)-- 204M->203M(256M), 0.0035981 secs]
0.458: [GC concurrent-root-region-scan-start]
0.458: [GC concurrent-root-region-scan-end, 0.0000061 secs]
0.458: [GC concurrent-mark-start]
0.458: [GC pause (G1 Evacuation Pause) (young) 204M->203M(256M), 0.0019726 secs]
0.460: [GC pause (G1 Evacuation Pause) (young)-- 204M->204M(256M), 0.0034126 secs]
0.464: [GC pause (G1 Humongous Allocation) (young)-- 204M->204M(256M), 0.0021468 secs]
0.466: [Full GC (Allocation Failure)  204M->196M(256M), 0.0177550 secs]
0.484: [GC concurrent-mark-abort]
0.485: [GC pause (G1 Evacuation Pause) (young)-- 204M->203M(256M), 0.0010034 secs]
0.486: [GC pause (G1 Humongous Allocation) (young) (initial-mark) 204M->203M(256M), 0.0007147 secs]
0.487: [GC concurrent-root-region-scan-start]
0.487: [GC concurrent-root-region-scan-end, 0.0000196 secs]
0.487: [GC concurrent-mark-start]
0.487: [GC pause (G1 Evacuation Pause) (young)-- 204M->203M(256M), 0.0006990 secs]
0.488: [GC pause (G1 Evacuation Pause) (young)-- 204M->204M(256M), 0.0006013 secs]
0.489: [Full GC (Allocation Failure)  204M->196M(256M), 0.0139934 secs]
0.503: [GC concurrent-mark-abort]
0.503: [GC pause (G1 Humongous Allocation) (young) (initial-mark) 198M->197M(256M), 0.0005893 secs]
0.504: [GC concurrent-root-region-scan-start]
0.504: [GC concurrent-root-region-scan-end, 0.0000442 secs]
0.504: [GC concurrent-mark-start]
0.504: [GC pause (G1 Evacuation Pause) (young)-- 203M->202M(256M), 0.0006867 secs]
0.505: [GC pause (G1 Humongous Allocation) (young)-- 203M->203M(256M), 0.0006394 secs]
0.506: [GC concurrent-mark-end, 0.0019769 secs]
0.506: [Full GC (Allocation Failure)  203M->198M(256M), 0.0129801 secs]
0.519: [GC remark, 0.0000172 secs]
0.519: [GC concurrent-mark-abort]
0.519: [GC pause (G1 Humongous Allocation) (young) (initial-mark) 200M->198M(256M), 0.0019578 secs]
0.521: [GC concurrent-root-region-scan-start]
0.521: [GC concurrent-root-region-scan-end, 0.0000634 secs]
0.521: [GC concurrent-mark-start]
0.522: [GC pause (G1 Evacuation Pause) (young)-- 202M->201M(256M), 0.0018143 secs]
0.524: [GC pause (G1 Evacuation Pause) (young)-- 202M->202M(256M), 0.0007423 secs]
0.525: [Full GC (Allocation Failure)  202M->199M(256M), 0.0132829 secs]
0.538: [GC concurrent-mark-abort]
0.539: [GC pause (G1 Humongous Allocation) (young) (initial-mark)-- 202M->201M(256M), 0.0012337 secs]
0.557: [GC concurrent-root-region-scan-start]
0.557: [GC concurrent-root-region-scan-end, 0.0001056 secs]
0.557: [GC concurrent-mark-start]
0.558: [GC pause (G1 Evacuation Pause) (young)-- 203M->202M(256M), 0.0017787 secs]
0.560: [GC pause (G1 Evacuation Pause) (young)-- 203M->203M(256M), 0.0023835 secs]
0.563: [Full GC (Allocation Failure)  203M->201M(256M), 0.0029251 secs]
0.566: [GC concurrent-mark-abort]
0.566: [GC pause (G1 Humongous Allocation) (young) (initial-mark) 201M->201M(256M), 0.0007175 secs]
0.566: [GC concurrent-root-region-scan-start]
0.566: [GC concurrent-root-region-scan-end, 0.0000275 secs]
0.566: [GC concurrent-mark-start]
0.567: [GC pause (G1 Evacuation Pause) (young)-- 202M->202M(256M), 0.0007596 secs]
0.568: [GC pause (G1 Evacuation Pause) (young) 202M->202M(256M), 0.0007127 secs]
0.568: [Full GC (Allocation Failure)  202M->202M(256M), 0.0024322 secs]
0.571: [GC concurrent-mark-abort]
0.571: [GC pause (G1 Humongous Allocation) (young) (initial-mark)-- 202M->202M(256M), 0.0007250 secs]
0.572: [GC concurrent-root-region-scan-start]
0.572: [GC concurrent-root-region-scan-end, 0.0000035 secs]
0.572: [GC concurrent-mark-start]
0.572: [GC pause (G1 Humongous Allocation) (young) 202M->202M(256M), 0.0006020 secs]
0.572: [Full GC (Allocation Failure)  202M->201M(256M), 0.0149774 secs]
0.588: [GC concurrent-mark-abort]
0.588: [GC pause (G1 Humongous Allocation) (young) (initial-mark)-- 202M->202M(256M), 0.0006477 secs]
0.588: [GC concurrent-root-region-scan-start]
0.588: [GC concurrent-root-region-scan-end, 0.0000025 secs]
0.588: [GC concurrent-mark-start]
0.588: [GC pause (G1 Humongous Allocation) (young) 202M->202M(256M), 0.0005572 secs]
0.589: [Full GC (Allocation Failure)  202M->201M(256M), 0.0022948 secs]
0.591: [GC concurrent-mark-abort]
0.591: [GC pause (G1 Evacuation Pause) (young) 202M->201M(256M), 0.0006419 secs]
0.592: [GC pause (G1 Humongous Allocation) (young) (initial-mark)-- 202M->202M(256M), 0.0005868 secs]
0.593: [GC concurrent-root-region-scan-start]
0.593: [GC concurrent-root-region-scan-end, 0.0000023 secs]
0.593: [GC concurrent-mark-start]
0.593: [GC pause (G1 Humongous Allocation) (young) 202M->202M(256M), 0.0011678 secs]
0.594: [Full GC (Allocation Failure)  202M->201M(256M), 0.0024110 secs]
0.597: [Full GC (Allocation Failure)  201M->201M(256M), 0.0028360 secs]
0.599: [GC concurrent-mark-abort]
0.600: [GC pause (G1 Evacuation Pause) (young) 201M->201M(256M), 0.0005432 secs]
0.600: [GC pause (G1 Evacuation Pause) (young) (initial-mark) 201M->201M(256M), 0.0008119 secs]
0.601: [GC concurrent-root-region-scan-start]
0.601: [GC concurrent-root-region-scan-end, 0.0000026 secs]
0.601: [GC concurrent-mark-start]
0.601: [Full GC (Allocation Failure)  201M->261K(256M), 0.0018867 secs]
0.603: [GC concurrent-mark-abort]
